
> frontend@0.0.0 test
> vitest src/__tests__/ImportItems.test.tsx run


[1m[44m DEV [49m[22m [34mv4.0.14 [39m[90mC:/Users/hp/Downloads/Code_on_track website development/frontend[39m

 [31mΓ¥»[39m src/__tests__/ImportItems.test.tsx [2m([22m[2m4 tests[22m[2m | [22m[31m4 failed[39m[2m)[22m[32m 54[2mms[22m[39m
[31m     [31m├ù[31m renders file input and disabled buttons initially[39m[32m 39[2mms[22m[39m
[31m     [31m├ù[31m enables preview button when file is selected[39m[32m 7[2mms[22m[39m
[31m     [31m├ù[31m shows preview table with invalid rows and keeps commit disabled[39m[32m 4[2mms[22m[39m
[31m     [31m├ù[31m enables commit button when preview has no errors and calls commit on click[39m[32m 3[2mms[22m[39m
node.exe : 
At line:1 char:1
+ & "C:\Program Files\nodejs/node.exe" 
"C:\Program Files\nodejs/node_mo ...
+ ~~~~~~~~~~~~~~~~~~~~~~~~~~~~~~~~~~~~~~~~~~~~~~~
~~~~~~~~~~~~~~~~~~~~~~
    + CategoryInfo          : NotSpecified: (:St 
   ring) [], RemoteException
    + FullyQualifiedErrorId : NativeCommandError
 
[31mΓÄ»ΓÄ»ΓÄ»ΓÄ»ΓÄ»ΓÄ»ΓÄ»[39m[1m[41m Failed 
Tests 4 [49m[22m[31mΓÄ»ΓÄ»ΓÄ»ΓÄ»ΓÄ»ΓÄ»ΓÄ»[39m

[41m[1m FAIL [22m[49m 
src/__tests__/ImportItems.test.tsx[2m > 
[22mImportItems Page[2m > [22mrenders file 
input and disabled buttons initially
[31m[1mTestingLibraryElementError[22m: Found 
a label with the text of: /select csv file/i, 
however no form control was found associated to 
that label. Make sure you're using the "for" 
attribute or "aria-labelledby" attribute 
correctly.

Ignored nodes: comments, script, style
[36m<body>[31m
  [36m<div>[31m
    [36m<div[31m
      [33mclass[31m=[32m"max-w-4xl mx-auto 
p-6"[31m
    [36m>[31m
      [36m<h1[31m
        [33mclass[31m=[32m"text-2xl font-bold 
text-gray-900 mb-6"[31m
      [36m>[31m
        [0mImport Items[0m
      [36m</h1>[31m
      [36m<div[31m
        [33mclass[31m=[32m"bg-white shadow 
rounded-lg p-6 mb-6"[31m
      [36m>[31m
        [36m<div[31m
          [33mclass[31m=[32m"mb-6"[31m
        [36m>[31m
          [36m<label[31m
            [33mclass[31m=[32m"block text-sm 
font-medium text-gray-700 mb-2"[31m
          [36m>[31m
            [0mSelect CSV File[0m
          [36m</label>[31m
          [36m<input[31m
            [33maccept[31m=[32m".csv"[31m
            [33mclass[31m=[32m"block w-full 
text-sm text-gray-500
                            file:mr-4 file:py-2 
file:px-4
                            file:rounded-md 
file:border-0
                            file:text-sm 
file:font-semibold
                            file:bg-indigo-50 
file:text-indigo-700
                            
hover:file:bg-indigo-100"[31m
            [33mtype[31m=[32m"file"[31m
          [36m/>[31m
          [36m<p[31m
            [33mclass[31m=[32m"mt-1 text-sm 
text-gray-500"[31m
          [36m>[31m
            [0mRequired columns: uid, 
component_type. Optional: vendor_name, lot_no, 
metadata.[0m
          [36m</p>[31m
        [36m</div>[31m
        [36m<div[31m
          [33mclass[31m=[32m"mb-6"[31m
        [36m>[31m
          [36m<label[31m
            [33mclass[31m=[32m"flex 
items-center space-x-2"[31m
          [36m>[31m
            [36m<input[31m
              [33mclass[31m=[32m"rounded 
border-gray-300 text-indigo-600 
focus:ring-indigo-500"[31m
              [33mtype[31m=[32m"checkbox"[31m
            [36m/>[31m
            [36m<span[31m
              [33mclass[31m=[32m"text-sm 
text-gray-700"[31m
            [36m>[31m
              [0mCreate missing vendors 
automatically[0m
            [36m</span>[31m
          [36m</label>[31m
        [36m</div>[31m
        [36m<div[31m
          [33mclass[31m=[32m"flex 
space-x-4"[31m
        [36m>[31m
          [36m<button[31m
            [33mclass[31m=[32m"px-4 py-2 
border border-transparent rounded-md shadow-sm 
text-sm font-medium text-white bg-indigo-600 
hover:bg-indigo-700 focus:outline-none 
focus:ring-2 focus:ring-offset-2 
focus:ring-indigo-500 disabled:opacity-50"[31m
            [33mdisabled[31m=[32m""[31m
          [36m>[31m
            [0mPreview Import[0m
          [36m</button>[31m
          [36m<button[31m
            [33mclass[31m=[32m"px-4 py-2 
border border-transparent rounded-md shadow-sm 
text-sm font-medium text-white bg-green-600 
hover:bg-green-700 focus:outline-none 
focus:ring-2 focus:ring-offset-2 
focus:ring-green-500 disabled:opacity-50 
disabled:bg-gray-400"[31m
            [33mdisabled[31m=[32m""[31m
          [36m>[31m
            [0mCommit Import[0m
          [36m</button>[31m
        [36m</div>[31m
      [36m</div>[31m
    [36m</div>[31m
  [36m</div>[31m
[36m</body>[31m[39m
[90m [2mΓ¥»[22m Object.getElementError node_mo
dules/@testing-library/dom/dist/config.js:[2m37:
19[22m[39m
[90m [2mΓ¥»[22m getAllByLabelText node_modules
/@testing-library/dom/dist/queries/label-text.js:
[2m108:40[22m[39m
[90m [2mΓ¥»[22m node_modules/@testing-library/
dom/dist/query-helpers.js:[2m52:17[22m[39m
[90m [2mΓ¥»[22m node_modules/@testing-library/
dom/dist/query-helpers.js:[2m95:19[22m[39m
[36m [2mΓ¥»[22m src/__tests__/ImportItems.test
.tsx:[2m42:23[22m[39m
    [90m 40| [39m
    [90m 41| [39m        [34mexpect[39m(scree
n[33m.[39m[34mgetByText[39m([32m'Import Item
s'[39m))[33m.[39m[34mtoBeInTheDocument[39m()
[33m;[39m
    [90m 42| [39m        
expect(screen.getByLabelText(/select csv 
file/i)).toBeInTheDocΓÇª
    [90m   | [39m                      
[31m^[39m
    [90m 43| [39m
    [90m 44| [39m        const previewBtn = 
screen.getByRole('button', { name: /previewΓÇª

[31m[2mΓÄ»ΓÄ»ΓÄ»ΓÄ»ΓÄ»ΓÄ»ΓÄ»ΓÄ»ΓÄ»ΓÄ»ΓÄ»ΓÄ»ΓÄ»Γ
Ä»ΓÄ»ΓÄ»ΓÄ»ΓÄ»ΓÄ»ΓÄ»ΓÄ»ΓÄ»ΓÄ»ΓÄ»[1/4]ΓÄ»[22m[39
m

[41m[1m FAIL [22m[49m 
src/__tests__/ImportItems.test.tsx[2m > 
[22mImportItems Page[2m > [22menables preview 
button when file is selected
[31m[1mTestingLibraryElementError[22m: Found 
a label with the text of: /select csv file/i, 
however no form control was found associated to 
that label. Make sure you're using the "for" 
attribute or "aria-labelledby" attribute 
correctly.

Ignored nodes: comments, script, style
[36m<body>[31m
  [36m<div>[31m
    [36m<div[31m
      [33mclass[31m=[32m"max-w-4xl mx-auto 
p-6"[31m
    [36m>[31m
      [36m<h1[31m
        [33mclass[31m=[32m"text-2xl font-bold 
text-gray-900 mb-6"[31m
      [36m>[31m
        [0mImport Items[0m
      [36m</h1>[31m
      [36m<div[31m
        [33mclass[31m=[32m"bg-white shadow 
rounded-lg p-6 mb-6"[31m
      [36m>[31m
        [36m<div[31m
          [33mclass[31m=[32m"mb-6"[31m
        [36m>[31m
          [36m<label[31m
            [33mclass[31m=[32m"block text-sm 
font-medium text-gray-700 mb-2"[31m
          [36m>[31m
            [0mSelect CSV File[0m
          [36m</label>[31m
          [36m<input[31m
            [33maccept[31m=[32m".csv"[31m
            [33mclass[31m=[32m"block w-full 
text-sm text-gray-500
                            file:mr-4 file:py-2 
file:px-4
                            file:rounded-md 
file:border-0
                            file:text-sm 
file:font-semibold
                            file:bg-indigo-50 
file:text-indigo-700
                            
hover:file:bg-indigo-100"[31m
            [33mtype[31m=[32m"file"[31m
          [36m/>[31m
          [36m<p[31m
            [33mclass[31m=[32m"mt-1 text-sm 
text-gray-500"[31m
          [36m>[31m
            [0mRequired columns: uid, 
component_type. Optional: vendor_name, lot_no, 
metadata.[0m
          [36m</p>[31m
        [36m</div>[31m
        [36m<div[31m
          [33mclass[31m=[32m"mb-6"[31m
        [36m>[31m
          [36m<label[31m
            [33mclass[31m=[32m"flex 
items-center space-x-2"[31m
          [36m>[31m
            [36m<input[31m
              [33mclass[31m=[32m"rounded 
border-gray-300 text-indigo-600 
focus:ring-indigo-500"[31m
              [33mtype[31m=[32m"checkbox"[31m
            [36m/>[31m
            [36m<span[31m
              [33mclass[31m=[32m"text-sm 
text-gray-700"[31m
            [36m>[31m
              [0mCreate missing vendors 
automatically[0m
            [36m</span>[31m
          [36m</label>[31m
        [36m</div>[31m
        [36m<div[31m
          [33mclass[31m=[32m"flex 
space-x-4"[31m
        [36m>[31m
          [36m<button[31m
            [33mclass[31m=[32m"px-4 py-2 
border border-transparent rounded-md shadow-sm 
text-sm font-medium text-white bg-indigo-600 
hover:bg-indigo-700 focus:outline-none 
focus:ring-2 focus:ring-offset-2 
focus:ring-indigo-500 disabled:opacity-50"[31m
            [33mdisabled[31m=[32m""[31m
          [36m>[31m
            [0mPreview Import[0m
          [36m</button>[31m
          [36m<button[31m
            [33mclass[31m=[32m"px-4 py-2 
border border-transparent rounded-md shadow-sm 
text-sm font-medium text-white bg-green-600 
hover:bg-green-700 focus:outline-none 
focus:ring-2 focus:ring-offset-2 
focus:ring-green-500 disabled:opacity-50 
disabled:bg-gray-400"[31m
            [33mdisabled[31m=[32m""[31m
          [36m>[31m
            [0mCommit Import[0m
          [36m</button>[31m
        [36m</div>[31m
      [36m</div>[31m
    [36m</div>[31m
  [36m</div>[31m
[36m</body>[31m[39m
[90m [2mΓ¥»[22m Object.getElementError node_mo
dules/@testing-library/dom/dist/config.js:[2m37:
19[22m[39m
[90m [2mΓ¥»[22m getAllByLabelText node_modules
/@testing-library/dom/dist/queries/label-text.js:
[2m108:40[22m[39m
[90m [2mΓ¥»[22m node_modules/@testing-library/
dom/dist/query-helpers.js:[2m52:17[22m[39m
[90m [2mΓ¥»[22m node_modules/@testing-library/
dom/dist/query-helpers.js:[2m95:19[22m[39m
[36m [2mΓ¥»[22m src/__tests__/ImportItems.test
.tsx:[2m56:30[22m[39m
    [90m 54| [39m
    [90m 55| [39m        const file = new 
File(['uid,component_type\n1,resistor'], 'tesΓÇª
    [90m 56| [39m        [35mconst[39m input 
[33m=[39m screen[33m.[39m[34mgetByLabelText
[39m([36m/select csv file/i[39m)[33m;[39m
    [90m   | [39m                             
[31m^[39m
    [90m 57| [39m
    [90m 58| [39m        [35mawait[39m 
user[33m.[39m[34mupload[39m(input[33m,[39m 
file)[33m;[39m

[31m[2mΓÄ»ΓÄ»ΓÄ»ΓÄ»ΓÄ»ΓÄ»ΓÄ»ΓÄ»ΓÄ»ΓÄ»ΓÄ»ΓÄ»ΓÄ»Γ
Ä»ΓÄ»ΓÄ»ΓÄ»ΓÄ»ΓÄ»ΓÄ»ΓÄ»ΓÄ»ΓÄ»ΓÄ»[2/4]ΓÄ»[22m[39
m

[41m[1m FAIL [22m[49m 
src/__tests__/ImportItems.test.tsx[2m > 
[22mImportItems Page[2m > [22mshows preview 
table with invalid rows and keeps commit disabled
[31m[1mTestingLibraryElementError[22m: Found 
a label with the text of: /select csv file/i, 
however no form control was found associated to 
that label. Make sure you're using the "for" 
attribute or "aria-labelledby" attribute 
correctly.

Ignored nodes: comments, script, style
[36m<body>[31m
  [36m<div>[31m
    [36m<div[31m
      [33mclass[31m=[32m"max-w-4xl mx-auto 
p-6"[31m
    [36m>[31m
      [36m<h1[31m
        [33mclass[31m=[32m"text-2xl font-bold 
text-gray-900 mb-6"[31m
      [36m>[31m
        [0mImport Items[0m
      [36m</h1>[31m
      [36m<div[31m
        [33mclass[31m=[32m"bg-white shadow 
rounded-lg p-6 mb-6"[31m
      [36m>[31m
        [36m<div[31m
          [33mclass[31m=[32m"mb-6"[31m
        [36m>[31m
          [36m<label[31m
            [33mclass[31m=[32m"block text-sm 
font-medium text-gray-700 mb-2"[31m
          [36m>[31m
            [0mSelect CSV File[0m
          [36m</label>[31m
          [36m<input[31m
            [33maccept[31m=[32m".csv"[31m
            [33mclass[31m=[32m"block w-full 
text-sm text-gray-500
                            file:mr-4 file:py-2 
file:px-4
                            file:rounded-md 
file:border-0
                            file:text-sm 
file:font-semibold
                            file:bg-indigo-50 
file:text-indigo-700
                            
hover:file:bg-indigo-100"[31m
            [33mtype[31m=[32m"file"[31m
          [36m/>[31m
          [36m<p[31m
            [33mclass[31m=[32m"mt-1 text-sm 
text-gray-500"[31m
          [36m>[31m
            [0mRequired columns: uid, 
component_type. Optional: vendor_name, lot_no, 
metadata.[0m
          [36m</p>[31m
        [36m</div>[31m
        [36m<div[31m
          [33mclass[31m=[32m"mb-6"[31m
        [36m>[31m
          [36m<label[31m
            [33mclass[31m=[32m"flex 
items-center space-x-2"[31m
          [36m>[31m
            [36m<input[31m
              [33mclass[31m=[32m"rounded 
border-gray-300 text-indigo-600 
focus:ring-indigo-500"[31m
              [33mtype[31m=[32m"checkbox"[31m
            [36m/>[31m
            [36m<span[31m
              [33mclass[31m=[32m"text-sm 
text-gray-700"[31m
            [36m>[31m
              [0mCreate missing vendors 
automatically[0m
            [36m</span>[31m
          [36m</label>[31m
        [36m</div>[31m
        [36m<div[31m
          [33mclass[31m=[32m"flex 
space-x-4"[31m
        [36m>[31m
          [36m<button[31m
            [33mclass[31m=[32m"px-4 py-2 
border border-transparent rounded-md shadow-sm 
text-sm font-medium text-white bg-indigo-600 
hover:bg-indigo-700 focus:outline-none 
focus:ring-2 focus:ring-offset-2 
focus:ring-indigo-500 disabled:opacity-50"[31m
            [33mdisabled[31m=[32m""[31m
          [36m>[31m
            [0mPreview Import[0m
          [36m</button>[31m
          [36m<button[31m
            [33mclass[31m=[32m"px-4 py-2 
border border-transparent rounded-md shadow-sm 
text-sm font-medium text-white bg-green-600 
hover:bg-green-700 focus:outline-none 
focus:ring-2 focus:ring-offset-2 
focus:ring-green-500 disabled:opacity-50 
disabled:bg-gray-400"[31m
            [33mdisabled[31m=[32m""[31m
          [36m>[31m
            [0mCommit Import[0m
          [36m</button>[31m
        [36m</div>[31m
      [36m</div>[31m
    [36m</div>[31m
  [36m</div>[31m
[36m</body>[31m[39m
[90m [2mΓ¥»[22m Object.getElementError node_mo
dules/@testing-library/dom/dist/config.js:[2m37:
19[22m[39m
[90m [2mΓ¥»[22m getAllByLabelText node_modules
/@testing-library/dom/dist/queries/label-text.js:
[2m108:40[22m[39m
[90m [2mΓ¥»[22m node_modules/@testing-library/
dom/dist/query-helpers.js:[2m52:17[22m[39m
[90m [2mΓ¥»[22m node_modules/@testing-library/
dom/dist/query-helpers.js:[2m95:19[22m[39m
[36m [2mΓ¥»[22m src/__tests__/ImportItems.test
.tsx:[2m83:34[22m[39m
    [90m 81| [39m
    [90m 82| [39m        const file = new 
File(['content'], 'test.csv', { type: 'text/cΓÇª
    [90m 83| [39m        await 
user.upload(screen.getByLabelText(/select csv 
file/i), fΓÇª
    [90m   | [39m                              
   [31m^[39m
    [90m 84| [39m
    [90m 85| [39m        await 
user.click(screen.getByRole('button', { name: 
/preview iΓÇª

[31m[2mΓÄ»ΓÄ»ΓÄ»ΓÄ»ΓÄ»ΓÄ»ΓÄ»ΓÄ»ΓÄ»ΓÄ»ΓÄ»ΓÄ»ΓÄ»Γ
Ä»ΓÄ»ΓÄ»ΓÄ»ΓÄ»ΓÄ»ΓÄ»ΓÄ»ΓÄ»ΓÄ»ΓÄ»[3/4]ΓÄ»[22m[39
m

[41m[1m FAIL [22m[49m 
src/__tests__/ImportItems.test.tsx[2m > 
[22mImportItems Page[2m > [22menables commit 
button when preview has no errors and calls 
commit on click
[31m[1mTestingLibraryElementError[22m: Found 
a label with the text of: /select csv file/i, 
however no form control was found associated to 
that label. Make sure you're using the "for" 
attribute or "aria-labelledby" attribute 
correctly.

Ignored nodes: comments, script, style
[36m<body>[31m
  [36m<div>[31m
    [36m<div[31m
      [33mclass[31m=[32m"max-w-4xl mx-auto 
p-6"[31m
    [36m>[31m
      [36m<h1[31m

[2m Test Files [22m [1m[31m1 failed[39m[22m[90m (1)[39m
[2m      Tests [22m [1m[31m4 failed[39m[22m[90m (4)[39m
[2m   Start at [22m 15:21:06
[2m   Duration [22m 1.10s[2m (transform 81ms, setup 98ms, import 258ms, tests 54ms, environment 534ms)[22m

[1m[41m FAIL [49m[22m [31mTests failed. Watching for file changes...[39m
       [2mpress [22m[1mh[22m[2m to show help[22m[2m, [22m[2mpress [22m[1mq[22m[2m to quit[22m
        [33mclass[31m=[32m"text-2xl font-bold 
text-gray-900 mb-6"[31m
      [36m>[31m
        [0mImport Items[0m
      [36m</h1>[31m
      [36m<div[31m
        [33mclass[31m=[32m"bg-white shadow 
rounded-lg p-6 mb-6"[31m
      [36m>[31m
        [36m<div[31m
          [33mclass[31m=[32m"mb-6"[31m
        [36m>[31m
          [36m<label[31m
            [33mclass[31m=[32m"block text-sm 
font-medium text-gray-700 mb-2"[31m
          [36m>[31m
            [0mSelect CSV File[0m
          [36m</label>[31m
          [36m<input[31m
            [33maccept[31m=[32m".csv"[31m
            [33mclass[31m=[32m"block w-full 
text-sm text-gray-500
                            file:mr-4 file:py-2 
file:px-4
                            file:rounded-md 
file:border-0
                            file:text-sm 
file:font-semibold
                            file:bg-indigo-50 
file:text-indigo-700
                            
hover:file:bg-indigo-100"[31m
            [33mtype[31m=[32m"file"[31m
          [36m/>[31m
          [36m<p[31m
            [33mclass[31m=[32m"mt-1 text-sm 
text-gray-500"[31m
          [36m>[31m
            [0mRequired columns: uid, 
component_type. Optional: vendor_name, lot_no, 
metadata.[0m
          [36m</p>[31m
        [36m</div>[31m
        [36m<div[31m
          [33mclass[31m=[32m"mb-6"[31m
        [36m>[31m
          [36m<label[31m
            [33mclass[31m=[32m"flex 
items-center space-x-2"[31m
          [36m>[31m
            [36m<input[31m
              [33mclass[31m=[32m"rounded 
border-gray-300 text-indigo-600 
focus:ring-indigo-500"[31m
              [33mtype[31m=[32m"checkbox"[31m
            [36m/>[31m
            [36m<span[31m
              [33mclass[31m=[32m"text-sm 
text-gray-700"[31m
            [36m>[31m
              [0mCreate missing vendors 
automatically[0m
            [36m</span>[31m
          [36m</label>[31m
        [36m</div>[31m
        [36m<div[31m
          [33mclass[31m=[32m"flex 
space-x-4"[31m
        [36m>[31m
          [36m<button[31m
            [33mclass[31m=[32m"px-4 py-2 
border border-transparent rounded-md shadow-sm 
text-sm font-medium text-white bg-indigo-600 
hover:bg-indigo-700 focus:outline-none 
focus:ring-2 focus:ring-offset-2 
focus:ring-indigo-500 disabled:opacity-50"[31m
            [33mdisabled[31m=[32m""[31m
          [36m>[31m
            [0mPreview Import[0m
          [36m</button>[31m
          [36m<button[31m
            [33mclass[31m=[32m"px-4 py-2 
border border-transparent rounded-md shadow-sm 
text-sm font-medium text-white bg-green-600 
hover:bg-green-700 focus:outline-none 
focus:ring-2 focus:ring-offset-2 
focus:ring-green-500 disabled:opacity-50 
disabled:bg-gray-400"[31m
            [33mdisabled[31m=[32m""[31m
          [36m>[31m
            [0mCommit Import[0m
          [36m</button>[31m
        [36m</div>[31m
      [36m</div>[31m
    [36m</div>[31m
  [36m</div>[31m
[36m</body>[31m[39m
[90m [2mΓ¥»[22m Object.getElementError node_mo
dules/@testing-library/dom/dist/config.js:[2m37:
19[22m[39m
[90m [2mΓ¥»[22m getAllByLabelText node_modules
/@testing-library/dom/dist/queries/label-text.js:
[2m108:40[22m[39m
[90m [2mΓ¥»[22m node_modules/@testing-library/
dom/dist/query-helpers.js:[2m52:17[22m[39m
[90m [2mΓ¥»[22m node_modules/@testing-library/
dom/dist/query-helpers.js:[2m95:19[22m[39m
[36m [2mΓ¥»[22m src/__tests__/ImportItems.test
.tsx:[2m121:34[22m[39m
    [90m119| [39m
    [90m120| [39m        const file = new 
File(['content'], 'valid.csv', { type: 'text/ΓÇª
    [90m121| [39m        await 
user.upload(screen.getByLabelText(/select csv 
file/i), fΓÇª
    [90m   | [39m                              
   [31m^[39m
    [90m122| [39m
    [90m123| [39m        [90m// Preview[39m

[31m[2mΓÄ»ΓÄ»ΓÄ»ΓÄ»ΓÄ»ΓÄ»ΓÄ»ΓÄ»ΓÄ»ΓÄ»ΓÄ»ΓÄ»ΓÄ»Γ
Ä»ΓÄ»ΓÄ»ΓÄ»ΓÄ»ΓÄ»ΓÄ»ΓÄ»ΓÄ»ΓÄ»ΓÄ»[4/4]ΓÄ»[22m[39
m

c[3J[1m[44m RERUN [49m[22m [34m[2msrc/pages/ImportItems.tsx [22m[34mx1 [34m[39m
       [2m Filename pattern: [22m[34msrc/__tests__/ImportItems.test.tsx, run[39m

 [32mΓ£ô[39m src/__tests__/ImportItems.test.tsx [2m([22m[2m4 tests[22m[2m)[22m[33m 516[2mms[22m[39m

[2m Test Files [22m [1m[32m1 passed[39m[22m[90m (1)[39m
[2m      Tests [22m [1m[32m4 passed[39m[22m[90m (4)[39m
[2m   Start at [22m 15:23:15
[2m   Duration [22m 803ms

[1m[42m PASS [49m[22m [32mWaiting for file changes...[39m
       [2mpress [22m[1mh[22m[2m to show help[22m[2m, [22m[2mpress [22m[1mq[22m[2m to quit[22m
c[3J[1m[44m RERUN [49m[22m [34m[2msrc/__tests__/ImportItems.test.tsx [22m[34mx2 [34m[39m
       [2m Filename pattern: [22m[34msrc/__tests__/ImportItems.test.tsx, run[39m

 [32mΓ£ô[39m src/__tests__/ImportItems.test.tsx [2m([22m[2m4 tests[22m[2m)[22m[33m 479[2mms[22m[39m

[2m Test Files [22m [1m[32m1 passed[39m[22m[90m (1)[39m
[2m      Tests [22m [1m[32m4 passed[39m[22m[90m (4)[39m
[2m   Start at [22m 15:23:51
[2m   Duration [22m 756ms

[1m[42m PASS [49m[22m [32mWaiting for file changes...[39m
       [2mpress [22m[1mh[22m[2m to show help[22m[2m, [22m[2mpress [22m[1mq[22m[2m to quit[22m
c[3J[1m[44m RERUN [49m[22m [34m[2mpackage.json [22m[34mx3 [34m[39m
       [2m Filename pattern: [22m[34msrc/__tests__/ImportItems.test.tsx, run[39m

 [32mΓ£ô[39m src/__tests__/ImportItems.test.tsx [2m([22m[2m4 tests[22m[2m)[22m[33m 487[2mms[22m[39m

[2m Test Files [22m [1m[32m1 passed[39m[22m[90m (1)[39m
[2m      Tests [22m [1m[32m4 passed[39m[22m[90m (4)[39m
[2m   Start at [22m 15:30:04
[2m   Duration [22m 790ms

[1m[42m PASS [49m[22m [32mWaiting for file changes...[39m
       [2mpress [22m[1mh[22m[2m to show help[22m[2m, [22m[2mpress [22m[1mq[22m[2m to quit[22m
